// Jest Snapshot v1, https://goo.gl/fbAQLP

exports[`ProductsList page Should render 1`] = `
"<Fragment>
  <Header handleSearch={[Function]} />
  <div className='page'>
    <div className='page__empty-search'>
      Realiza una b√∫squeda para comenzar a comprar!
    </div>
  </div>
</Fragment>"
`;
